// Jest Snapshot v1, https://goo.gl/fbAQLP

exports[`Correctly renders the interface to login 1`] = `
<div>
  <div
    class="css-1lwbda4-MuiStack-root"
  >
    <button
      class="MuiButtonBase-root MuiButton-root MuiButton-contained MuiButton-containedPrimary MuiButton-sizeLarge MuiButton-containedSizeLarge MuiButton-fullWidth MuiButton-root MuiButton-contained MuiButton-containedPrimary MuiButton-sizeLarge MuiButton-containedSizeLarge MuiButton-fullWidth css-189e9pj-MuiButtonBase-root-MuiButton-root"
      tabindex="0"
      type="submit"
    >
      Login
      <span
        class="MuiTouchRipple-root css-8je8zh-MuiTouchRipple-root"
      />
    </button>
  </div>
</div>
`;
